Archive member included because of file (symbol)

c:/winavr-20100110/bin/../lib/gcc/avr/4.3.3/avr5\libgcc.a(_udivmodhi4.o)
                              ./LCD_prog.o (__udivmodhi4)
c:/winavr-20100110/bin/../lib/gcc/avr/4.3.3/avr5\libgcc.a(_exit.o)
                              c:/winavr-20100110/bin/../lib/gcc/avr/4.3.3/../../../../avr/lib/avr5/crtm32.o (exit)
c:/winavr-20100110/bin/../lib/gcc/avr/4.3.3/avr5\libgcc.a(_clear_bss.o)
                              ./ADCINT_prog.o (__do_clear_bss)

Memory Configuration

Name             Origin             Length             Attributes
text             0x00000000         0x00020000         xr
data             0x00800060         0x0000ffa0         rw !x
eeprom           0x00810000         0x00010000         rw !x
fuse             0x00820000         0x00000400         rw !x
lock             0x00830000         0x00000400         rw !x
signature        0x00840000         0x00000400         rw !x
*default*        0x00000000         0xffffffff

Linker script and memory map

LOAD c:/winavr-20100110/bin/../lib/gcc/avr/4.3.3/../../../../avr/lib/avr5/crtm32.o
LOAD ./ADCINT_prog.o
LOAD ./ADC_prog.o
LOAD ./DIO_prog.o
LOAD ./EXTINT0_prog.o
LOAD ./EXTINT1_prog.o
LOAD ./EXTINT2_prog.o
LOAD ./GIE_prog.o
LOAD ./I2C_prog.o
LOAD ./LCD_prog.o
LOAD ./LED_prog.o
LOAD ./SEVENSEG_prog.o
LOAD ./SPIINT_prog.o
LOAD ./SPI_prog.o
LOAD ./SWITCH_prog.o
LOAD ./TIM0_prog.o
LOAD ./UARTINT_prog.o
LOAD ./UART_prog.o
LOAD ./main.o
LOAD c:/winavr-20100110/bin/../lib/gcc/avr/4.3.3/avr5\libgcc.a
LOAD c:/winavr-20100110/bin/../lib/gcc/avr/4.3.3/../../../../avr/lib/avr5\libc.a
LOAD c:/winavr-20100110/bin/../lib/gcc/avr/4.3.3/avr5\libgcc.a

.hash
 *(.hash)

.dynsym
 *(.dynsym)

.dynstr
 *(.dynstr)

.gnu.version
 *(.gnu.version)

.gnu.version_d
 *(.gnu.version_d)

.gnu.version_r
 *(.gnu.version_r)

.rel.init
 *(.rel.init)

.rela.init
 *(.rela.init)

.rel.text
 *(.rel.text)
 *(.rel.text.*)
 *(.rel.gnu.linkonce.t*)

.rela.text
 *(.rela.text)
 *(.rela.text.*)
 *(.rela.gnu.linkonce.t*)

.rel.fini
 *(.rel.fini)

.rela.fini
 *(.rela.fini)

.rel.rodata
 *(.rel.rodata)
 *(.rel.rodata.*)
 *(.rel.gnu.linkonce.r*)

.rela.rodata
 *(.rela.rodata)
 *(.rela.rodata.*)
 *(.rela.gnu.linkonce.r*)

.rel.data
 *(.rel.data)
 *(.rel.data.*)
 *(.rel.gnu.linkonce.d*)

.rela.data
 *(.rela.data)
 *(.rela.data.*)
 *(.rela.gnu.linkonce.d*)

.rel.ctors
 *(.rel.ctors)

.rela.ctors
 *(.rela.ctors)

.rel.dtors
 *(.rel.dtors)

.rela.dtors
 *(.rela.dtors)

.rel.got
 *(.rel.got)

.rela.got
 *(.rela.got)

.rel.bss
 *(.rel.bss)

.rela.bss
 *(.rela.bss)

.rel.plt
 *(.rel.plt)

.rela.plt
 *(.rela.plt)

.text           0x00000000     0x10a6
 *(.vectors)
 .vectors       0x00000000       0x54 c:/winavr-20100110/bin/../lib/gcc/avr/4.3.3/../../../../avr/lib/avr5/crtm32.o
                0x00000000                __vectors
                0x00000000                __vector_default
 *(.vectors)
 *(.progmem.gcc*)
 *(.progmem*)
                0x00000054                . = ALIGN (0x2)
                0x00000054                __trampolines_start = .
 *(.trampolines)
 .trampolines   0x00000054        0x0 linker stubs
 *(.trampolines*)
                0x00000054                __trampolines_end = .
 *(.jumptables)
 *(.jumptables*)
 *(.lowtext)
 *(.lowtext*)
                0x00000054                __ctors_start = .
 *(.ctors)
                0x00000054                __ctors_end = .
                0x00000054                __dtors_start = .
 *(.dtors)
                0x00000054                __dtors_end = .
 SORT(*)(.ctors)
 SORT(*)(.dtors)
 *(.init0)
 .init0         0x00000054        0x0 c:/winavr-20100110/bin/../lib/gcc/avr/4.3.3/../../../../avr/lib/avr5/crtm32.o
                0x00000054                __init
 *(.init0)
 *(.init1)
 *(.init1)
 *(.init2)
 .init2         0x00000054        0xc c:/winavr-20100110/bin/../lib/gcc/avr/4.3.3/../../../../avr/lib/avr5/crtm32.o
 *(.init2)
 *(.init3)
 *(.init3)
 *(.init4)
 .init4         0x00000060       0x10 c:/winavr-20100110/bin/../lib/gcc/avr/4.3.3/avr5\libgcc.a(_clear_bss.o)
                0x00000060                __do_clear_bss
 *(.init4)
 *(.init5)
 *(.init5)
 *(.init6)
 *(.init6)
 *(.init7)
 *(.init7)
 *(.init8)
 *(.init8)
 *(.init9)
 .init9         0x00000070        0x8 c:/winavr-20100110/bin/../lib/gcc/avr/4.3.3/../../../../avr/lib/avr5/crtm32.o
 *(.init9)
 *(.text)
 .text          0x00000078        0x4 c:/winavr-20100110/bin/../lib/gcc/avr/4.3.3/../../../../avr/lib/avr5/crtm32.o
                0x00000078                __bad_interrupt
                0x00000078                __vector_6
                0x00000078                __vector_17
                0x00000078                __vector_19
                0x00000078                __vector_7
                0x00000078                __vector_5
                0x00000078                __vector_4
                0x00000078                __vector_9
                0x00000078                __vector_8
                0x00000078                __vector_14
                0x00000078                __vector_10
                0x00000078                __vector_18
                0x00000078                __vector_20
 .text          0x0000007c        0x0 ./ADCINT_prog.o
 .text          0x0000007c        0x0 ./ADC_prog.o
 .text          0x0000007c        0x0 ./DIO_prog.o
 .text          0x0000007c        0x0 ./EXTINT0_prog.o
 .text          0x0000007c        0x0 ./EXTINT1_prog.o
 .text          0x0000007c        0x0 ./EXTINT2_prog.o
 .text          0x0000007c        0x0 ./GIE_prog.o
 .text          0x0000007c        0x0 ./I2C_prog.o
 .text          0x0000007c        0x0 ./LCD_prog.o
 .text          0x0000007c        0x0 ./LED_prog.o
 .text          0x0000007c        0x0 ./SEVENSEG_prog.o
 .text          0x0000007c        0x0 ./SPIINT_prog.o
 .text          0x0000007c        0x0 ./SPI_prog.o
 .text          0x0000007c        0x0 ./SWITCH_prog.o
 .text          0x0000007c        0x0 ./TIM0_prog.o
 .text          0x0000007c        0x0 ./UARTINT_prog.o
 .text          0x0000007c        0x0 ./UART_prog.o
 .text          0x0000007c        0x0 ./main.o
 .text          0x0000007c        0x0 c:/winavr-20100110/bin/../lib/gcc/avr/4.3.3/avr5\libgcc.a(_udivmodhi4.o)
 .text          0x0000007c        0x0 c:/winavr-20100110/bin/../lib/gcc/avr/4.3.3/avr5\libgcc.a(_exit.o)
 .text          0x0000007c        0x0 c:/winavr-20100110/bin/../lib/gcc/avr/4.3.3/avr5\libgcc.a(_clear_bss.o)
                0x0000007c                . = ALIGN (0x2)
 *(.text.*)
 .text.ADCINT_voidInit
                0x0000007c       0x10 ./ADCINT_prog.o
                0x0000007c                ADCINT_voidInit
 .text.ADCINT_voidEnable
                0x0000008c        0x6 ./ADCINT_prog.o
                0x0000008c                ADCINT_voidEnable
 .text.ADCINT_voidDisable
                0x00000092        0x6 ./ADCINT_prog.o
                0x00000092                ADCINT_voidDisable
 .text.ADCINT_voidStartConv
                0x00000098       0x52 ./ADCINT_prog.o
                0x00000098                ADCINT_voidStartConv
 .text.ADCINT_uint8GetResult
                0x000000ea        0xc ./ADCINT_prog.o
                0x000000ea                ADCINT_uint8GetResult
 .text.ADCINT_uint16GetResult
                0x000000f6       0x12 ./ADCINT_prog.o
                0x000000f6                ADCINT_uint16GetResult
 .text.ADCINT_voidSetCallBack
                0x00000108        0xa ./ADCINT_prog.o
                0x00000108                ADCINT_voidSetCallBack
 .text.__vector_16
                0x00000112       0x6e ./ADCINT_prog.o
                0x00000112                __vector_16
 .text.ADC_voidInit
                0x00000180       0x10 ./ADC_prog.o
                0x00000180                ADC_voidInit
 .text.ADC_voidEnable
                0x00000190        0x4 ./ADC_prog.o
                0x00000190                ADC_voidEnable
 .text.ADC_voidDisable
                0x00000194        0x4 ./ADC_prog.o
                0x00000194                ADC_voidDisable
 .text.ADC_voidStartConv
                0x00000198        0x4 ./ADC_prog.o
                0x00000198                ADC_voidStartConv
 .text.ADC_voidSelectChannel
                0x0000019c       0x4c ./ADC_prog.o
                0x0000019c                ADC_voidSelectChannel
 .text.ADC_uint8GetResult
                0x000001e8        0xa ./ADC_prog.o
                0x000001e8                ADC_uint8GetResult
 .text.ADC_uint16GetResult
                0x000001f2       0x18 ./ADC_prog.o
                0x000001f2                ADC_uint16GetResult
 .text.DIO_voidInit
                0x0000020a       0x10 ./DIO_prog.o
                0x0000020a                DIO_voidInit
 .text.DIO_voidSetPin
                0x0000021a      0x128 ./DIO_prog.o
                0x0000021a                DIO_voidSetPin
 .text.DIO_uint8GetPin
                0x00000342       0xa8 ./DIO_prog.o
                0x00000342                DIO_uint8GetPin
 .text.EXTINT0_voidInit
                0x000003ea       0x14 ./EXTINT0_prog.o
                0x000003ea                EXTINT0_voidInit
 .text.EXTINT0_voidEnableINT0
                0x000003fe        0x8 ./EXTINT0_prog.o
                0x000003fe                EXTINT0_voidEnableINT0
 .text.EXTINT0_voidDisableINT0
                0x00000406        0x8 ./EXTINT0_prog.o
                0x00000406                EXTINT0_voidDisableINT0
 .text.EXTINT0_voidSetINT0Callback
                0x0000040e        0xa ./EXTINT0_prog.o
                0x0000040e                EXTINT0_voidSetINT0Callback
 .text.__vector_1
                0x00000418       0x4e ./EXTINT0_prog.o
                0x00000418                __vector_1
 .text.EXTINT1_voidInit
                0x00000466       0x14 ./EXTINT1_prog.o
                0x00000466                EXTINT1_voidInit
 .text.EXTINT1_voidEnableINT0
                0x0000047a        0x8 ./EXTINT1_prog.o
                0x0000047a                EXTINT1_voidEnableINT0
 .text.EXTINT1_voidDisableINT0
                0x00000482        0x8 ./EXTINT1_prog.o
                0x00000482                EXTINT1_voidDisableINT0
 .text.EXTINT1_voidSetINT1Callback
                0x0000048a        0xa ./EXTINT1_prog.o
                0x0000048a                EXTINT1_voidSetINT1Callback
 .text.__vector_2
                0x00000494       0x4e ./EXTINT1_prog.o
                0x00000494                __vector_2
 .text.EXTINT2_voidInit
                0x000004e2        0xe ./EXTINT2_prog.o
                0x000004e2                EXTINT2_voidInit
 .text.EXTINT2_voidEnableINT2
                0x000004f0        0x8 ./EXTINT2_prog.o
                0x000004f0                EXTINT2_voidEnableINT2
 .text.EXTINT2_voidDisableINT2
                0x000004f8        0x8 ./EXTINT2_prog.o
                0x000004f8                EXTINT2_voidDisableINT2
 .text.EXTINT2_voidSetINT2Callback
                0x00000500        0xa ./EXTINT2_prog.o
                0x00000500                EXTINT2_voidSetINT2Callback
 .text.__vector_3
                0x0000050a       0x4e ./EXTINT2_prog.o
                0x0000050a                __vector_3
 .text.GIE_voidInit
                0x00000558        0x2 ./GIE_prog.o
                0x00000558                GIE_voidInit
 .text.GIE_voidEnableGlobalInt
                0x0000055a        0x8 ./GIE_prog.o
                0x0000055a                GIE_voidEnableGlobalInt
 .text.GIE_voidDisableGlobalInt
                0x00000562        0x8 ./GIE_prog.o
                0x00000562                GIE_voidDisableGlobalInt
 .text.I2C_voidInitialize
                0x0000056a       0x16 ./I2C_prog.o
                0x0000056a                I2C_voidInitialize
 .text.I2C_voidTransmitAddress
                0x00000580       0x2e ./I2C_prog.o
 .text.I2C_voidStartCondition
                0x000005ae       0x1a ./I2C_prog.o
 .text.I2C_uint8MasterTransmit
                0x000005c8       0x6a ./I2C_prog.o
                0x000005c8                I2C_uint8MasterTransmit
 .text.I2C_uint8SlaveRecieve
                0x00000632       0x40 ./I2C_prog.o
                0x00000632                I2C_uint8SlaveRecieve
 .text.I2C_uint8MasterTransmit_RepeatedStart
                0x00000672       0x8c ./I2C_prog.o
                0x00000672                I2C_uint8MasterTransmit_RepeatedStart
 .text.LCD_voidDisplayCharacter
                0x000006fe      0x114 ./LCD_prog.o
                0x000006fe                LCD_voidDisplayCharacter
 .text.LCD_voidDisplayInteger
                0x00000812       0x54 ./LCD_prog.o
                0x00000812                LCD_voidDisplayInteger
 .text.LCD_voidDisplayString
                0x00000866       0x26 ./LCD_prog.o
                0x00000866                LCD_voidDisplayString
 .text.LCD_voidSendCommand
                0x0000088c      0x102 ./LCD_prog.o
                0x0000088c                LCD_voidSendCommand
 .text.LCD_voidShiftRight
                0x0000098e        0x8 ./LCD_prog.o
                0x0000098e                LCD_voidShiftRight
 .text.LCD_voidSetCursor
                0x00000996       0x18 ./LCD_prog.o
                0x00000996                LCD_voidSetCursor
 .text.LCD_voidClearScreen
                0x000009ae        0x8 ./LCD_prog.o
                0x000009ae                LCD_voidClearScreen
 .text.LCD_voidInit
                0x000009b6       0x60 ./LCD_prog.o
                0x000009b6                LCD_voidInit
 .text.LED_voidInit
                0x00000a16        0x2 ./LED_prog.o
                0x00000a16                LED_voidInit
 .text.LED_voidLedOFF
                0x00000a18       0x1a ./LED_prog.o
                0x00000a18                LED_voidLedOFF
 .text.LED_voidLedON
                0x00000a32       0x1a ./LED_prog.o
                0x00000a32                LED_voidLedON
 .text.SEVENSEG_uint8GetValue
                0x00000a4c        0x6 ./SEVENSEG_prog.o
                0x00000a4c                SEVENSEG_uint8GetValue
 .text.SEVENSEG_voidSetValue
                0x00000a52       0xec ./SEVENSEG_prog.o
                0x00000a52                SEVENSEG_voidSetValue
 .text.SEVENSEG_voidDecrement
                0x00000b3e       0xf2 ./SEVENSEG_prog.o
                0x00000b3e                SEVENSEG_voidDecrement
 .text.SEVENSEG_voidIncrement
                0x00000c30       0xfe ./SEVENSEG_prog.o
                0x00000c30                SEVENSEG_voidIncrement
 .text.SEVENSEG_voidReset
                0x00000d2e       0x22 ./SEVENSEG_prog.o
                0x00000d2e                SEVENSEG_voidReset
 .text.SEVENSEG_voidDisableSevenSeg
                0x00000d50       0x1c ./SEVENSEG_prog.o
                0x00000d50                SEVENSEG_voidDisableSevenSeg
 .text.SEVENSEG_voidEnableSevenSeg
                0x00000d6c       0x1c ./SEVENSEG_prog.o
                0x00000d6c                SEVENSEG_voidEnableSevenSeg
 .text.SEVENSEG_voidInit
                0x00000d88       0x1e ./SEVENSEG_prog.o
                0x00000d88                SEVENSEG_voidInit
 .text.SPIINT_voidInit
                0x00000da6       0x12 ./SPIINT_prog.o
                0x00000da6                SPIINT_voidInit
 .text.SPIINT_voidSend
                0x00000db8        0x8 ./SPIINT_prog.o
                0x00000db8                SPIINT_voidSend
 .text.SPIINT_voidEnableInterrupt
                0x00000dc0        0x4 ./SPIINT_prog.o
                0x00000dc0                SPIINT_voidEnableInterrupt
 .text.SPIINT_voidDisableInterrupt
                0x00000dc4        0x4 ./SPIINT_prog.o
                0x00000dc4                SPIINT_voidDisableInterrupt
 .text.SPIINT_uint8Receive
                0x00000dc8        0x6 ./SPIINT_prog.o
                0x00000dc8                SPIINT_uint8Receive
 .text.SPIINT_voidSetCallBack
                0x00000dce        0xa ./SPIINT_prog.o
                0x00000dce                SPIINT_voidSetCallBack
 .text.__vector_12
                0x00000dd8       0x6e ./SPIINT_prog.o
                0x00000dd8                __vector_12
 .text.SPI_voidInit
                0x00000e46       0x12 ./SPI_prog.o
                0x00000e46                SPI_voidInit
 .text.SPI_voidSend
                0x00000e58        0x8 ./SPI_prog.o
                0x00000e58                SPI_voidSend
 .text.SPI_uint8Receive
                0x00000e60        0xa ./SPI_prog.o
                0x00000e60                SPI_uint8Receive
 .text.SWITCH_voidInit
                0x00000e6a        0x2 ./SWITCH_prog.o
                0x00000e6a                SWITCH_voidInit
 .text.SWITCH_voidIsPressed
                0x00000e6c       0x1c ./SWITCH_prog.o
                0x00000e6c                SWITCH_voidIsPressed
 .text.TIM0_voidInitialize
                0x00000e88       0x12 ./TIM0_prog.o
                0x00000e88                TIM0_voidInitialize
 .text.TIM0_voidEnableInt
                0x00000e9a        0x8 ./TIM0_prog.o
                0x00000e9a                TIM0_voidEnableInt
 .text.TIM0_voidDisableInt
                0x00000ea2        0x8 ./TIM0_prog.o
                0x00000ea2                TIM0_voidDisableInt
 .text.TIM0_voidSetRegister
                0x00000eaa        0x4 ./TIM0_prog.o
                0x00000eaa                TIM0_voidSetRegister
 .text.TIM0_voidSetCallBack
                0x00000eae        0xa ./TIM0_prog.o
                0x00000eae                TIM0_voidSetCallBack
 .text.__vector_11
                0x00000eb8       0x4e ./TIM0_prog.o
                0x00000eb8                __vector_11
 .text.UARTINT_voidInit
                0x00000f06        0xe ./UARTINT_prog.o
                0x00000f06                UARTINT_voidInit
 .text.UARTINT_voidSend
                0x00000f14        0xa ./UARTINT_prog.o
                0x00000f14                UARTINT_voidSend
 .text.UARTINT_uint8Receive
                0x00000f1e        0x6 ./UARTINT_prog.o
                0x00000f1e                UARTINT_uint8Receive
 .text.UARTINT_voidEnableRXInterrupt
                0x00000f24        0x4 ./UARTINT_prog.o
                0x00000f24                UARTINT_voidEnableRXInterrupt
 .text.UARTINT_voidDisableRXInterrupt
                0x00000f28        0x4 ./UARTINT_prog.o
                0x00000f28                UARTINT_voidDisableRXInterrupt
 .text.UARTINT_voidDisableTXInterrupt
                0x00000f2c        0x4 ./UARTINT_prog.o
                0x00000f2c                UARTINT_voidDisableTXInterrupt
 .text.UARTINT_voidEnableTXInterrupt
                0x00000f30        0x4 ./UARTINT_prog.o
                0x00000f30                UARTINT_voidEnableTXInterrupt
 .text.UARTINT_voidSetRXCallBack
                0x00000f34        0xa ./UARTINT_prog.o
                0x00000f34                UARTINT_voidSetRXCallBack
 .text.UARTINT_voidSetTXCallBack
                0x00000f3e        0xa ./UARTINT_prog.o
                0x00000f3e                UARTINT_voidSetTXCallBack
 .text.__vector_13
                0x00000f48       0x74 ./UARTINT_prog.o
                0x00000f48                __vector_13
 .text.__vector_15
                0x00000fbc       0x4e ./UARTINT_prog.o
                0x00000fbc                __vector_15
 .text.UART_voidInit
                0x0000100a        0xe ./UART_prog.o
                0x0000100a                UART_voidInit
 .text.UART_voidSend
                0x00001018        0xa ./UART_prog.o
                0x00001018                UART_voidSend
 .text.UART_uint8Receive
                0x00001022        0x8 ./UART_prog.o
                0x00001022                UART_uint8Receive
 .text.main     0x0000102a       0x50 ./main.o
                0x0000102a                main
 .text.libgcc   0x0000107a       0x28 c:/winavr-20100110/bin/../lib/gcc/avr/4.3.3/avr5\libgcc.a(_udivmodhi4.o)
                0x0000107a                __udivmodhi4
 .text.libgcc   0x000010a2        0x0 c:/winavr-20100110/bin/../lib/gcc/avr/4.3.3/avr5\libgcc.a(_exit.o)
 .text.libgcc   0x000010a2        0x0 c:/winavr-20100110/bin/../lib/gcc/avr/4.3.3/avr5\libgcc.a(_clear_bss.o)
                0x000010a2                . = ALIGN (0x2)
 *(.fini9)
 .fini9         0x000010a2        0x0 c:/winavr-20100110/bin/../lib/gcc/avr/4.3.3/avr5\libgcc.a(_exit.o)
                0x000010a2                exit
                0x000010a2                _exit
 *(.fini9)
 *(.fini8)
 *(.fini8)
 *(.fini7)
 *(.fini7)
 *(.fini6)
 *(.fini6)
 *(.fini5)
 *(.fini5)
 *(.fini4)
 *(.fini4)
 *(.fini3)
 *(.fini3)
 *(.fini2)
 *(.fini2)
 *(.fini1)
 *(.fini1)
 *(.fini0)
 .fini0         0x000010a2        0x4 c:/winavr-20100110/bin/../lib/gcc/avr/4.3.3/avr5\libgcc.a(_exit.o)
 *(.fini0)
                0x000010a6                _etext = .

.data           0x00800060        0x0 load address 0x000010a6
                0x00800060                PROVIDE (__data_start, .)
 *(.data)
 .data          0x00800060        0x0 c:/winavr-20100110/bin/../lib/gcc/avr/4.3.3/../../../../avr/lib/avr5/crtm32.o
 .data          0x00800060        0x0 ./ADCINT_prog.o
 .data          0x00800060        0x0 ./ADC_prog.o
 .data          0x00800060        0x0 ./DIO_prog.o
 .data          0x00800060        0x0 ./EXTINT0_prog.o
 .data          0x00800060        0x0 ./EXTINT1_prog.o
 .data          0x00800060        0x0 ./EXTINT2_prog.o
 .data          0x00800060        0x0 ./GIE_prog.o
 .data          0x00800060        0x0 ./I2C_prog.o
 .data          0x00800060        0x0 ./LCD_prog.o
 .data          0x00800060        0x0 ./LED_prog.o
 .data          0x00800060        0x0 ./SEVENSEG_prog.o
 .data          0x00800060        0x0 ./SPIINT_prog.o
 .data          0x00800060        0x0 ./SPI_prog.o
 .data          0x00800060        0x0 ./SWITCH_prog.o
 .data          0x00800060        0x0 ./TIM0_prog.o
 .data          0x00800060        0x0 ./UARTINT_prog.o
 .data          0x00800060        0x0 ./UART_prog.o
 .data          0x00800060        0x0 ./main.o
 .data          0x00800060        0x0 c:/winavr-20100110/bin/../lib/gcc/avr/4.3.3/avr5\libgcc.a(_udivmodhi4.o)
 .data          0x00800060        0x0 c:/winavr-20100110/bin/../lib/gcc/avr/4.3.3/avr5\libgcc.a(_exit.o)
 .data          0x00800060        0x0 c:/winavr-20100110/bin/../lib/gcc/avr/4.3.3/avr5\libgcc.a(_clear_bss.o)
 *(.data*)
 *(.rodata)
 *(.rodata*)
 *(.gnu.linkonce.d*)
                0x00800060                . = ALIGN (0x2)
                0x00800060                _edata = .
                0x00800060                PROVIDE (__data_end, .)

.bss            0x00800060       0x3a
                0x00800060                PROVIDE (__bss_start, .)
 *(.bss)
 .bss           0x00800060        0x0 c:/winavr-20100110/bin/../lib/gcc/avr/4.3.3/../../../../avr/lib/avr5/crtm32.o
 .bss           0x00800060        0x0 ./ADCINT_prog.o
 .bss           0x00800060        0x0 ./ADC_prog.o
 .bss           0x00800060        0x0 ./DIO_prog.o
 .bss           0x00800060        0x0 ./EXTINT0_prog.o
 .bss           0x00800060        0x0 ./EXTINT1_prog.o
 .bss           0x00800060        0x0 ./EXTINT2_prog.o
 .bss           0x00800060        0x0 ./GIE_prog.o
 .bss           0x00800060        0x0 ./I2C_prog.o
 .bss           0x00800060        0x0 ./LCD_prog.o
 .bss           0x00800060        0x0 ./LED_prog.o
 .bss           0x00800060        0x0 ./SEVENSEG_prog.o
 .bss           0x00800060        0x0 ./SPIINT_prog.o
 .bss           0x00800060        0x0 ./SPI_prog.o
 .bss           0x00800060        0x0 ./SWITCH_prog.o
 .bss           0x00800060        0x0 ./TIM0_prog.o
 .bss           0x00800060        0x0 ./UARTINT_prog.o
 .bss           0x00800060        0x0 ./UART_prog.o
 .bss           0x00800060        0x0 ./main.o
 .bss           0x00800060        0x0 c:/winavr-20100110/bin/../lib/gcc/avr/4.3.3/avr5\libgcc.a(_udivmodhi4.o)
 .bss           0x00800060        0x0 c:/winavr-20100110/bin/../lib/gcc/avr/4.3.3/avr5\libgcc.a(_exit.o)
 .bss           0x00800060        0x0 c:/winavr-20100110/bin/../lib/gcc/avr/4.3.3/avr5\libgcc.a(_clear_bss.o)
 *(.bss*)
 .bss.ADCINT_CallBack
                0x00800060        0x2 ./ADCINT_prog.o
 .bss.arr8      0x00800062        0x8 ./ADCINT_prog.o
 .bss.arr16     0x0080006a       0x10 ./ADCINT_prog.o
 .bss.index     0x0080007a        0x1 ./ADCINT_prog.o
 .bss.EXTINT0_uint8Callback
                0x0080007b        0x2 ./EXTINT0_prog.o
 .bss.EXTINT1_uint8Callback
                0x0080007d        0x2 ./EXTINT1_prog.o
 .bss.EXTINT2_uint8Callback
                0x0080007f        0x2 ./EXTINT2_prog.o
 .bss.counter   0x00800081        0x1 ./SEVENSEG_prog.o
 .bss.dataIndex
                0x00800082        0x1 ./SPIINT_prog.o
 .bss.dataArr   0x00800083        0x7 ./SPIINT_prog.o
 .bss.SPIINT_CallBack
                0x0080008a        0x2 ./SPIINT_prog.o
 .bss.TIM0_CallBack
                0x0080008c        0x2 ./TIM0_prog.o
 .bss.arrIndex  0x0080008e        0x1 ./UARTINT_prog.o
 .bss.RX_arr    0x0080008f        0x7 ./UARTINT_prog.o
 .bss.UARTINT_TxCallBack
                0x00800096        0x2 ./UARTINT_prog.o
 .bss.UARTINT_RxCallBack
                0x00800098        0x2 ./UARTINT_prog.o
 *(COMMON)
                0x0080009a                PROVIDE (__bss_end, .)
                0x000010a6                __data_load_start = LOADADDR (.data)
                0x000010a6                __data_load_end = (__data_load_start + SIZEOF (.data))

.noinit         0x0080009a        0x0
                0x0080009a                PROVIDE (__noinit_start, .)
 *(.noinit*)
                0x0080009a                PROVIDE (__noinit_end, .)
                0x0080009a                _end = .
                0x0080009a                PROVIDE (__heap_start, .)

.eeprom         0x00810000        0x0
 *(.eeprom*)
                0x00810000                __eeprom_end = .

.fuse
 *(.fuse)
 *(.lfuse)
 *(.hfuse)
 *(.efuse)

.lock
 *(.lock*)

.signature
 *(.signature*)

.stab
 *(.stab)

.stabstr
 *(.stabstr)

.stab.excl
 *(.stab.excl)

.stab.exclstr
 *(.stab.exclstr)

.stab.index
 *(.stab.index)

.stab.indexstr
 *(.stab.indexstr)

.comment
 *(.comment)

.debug
 *(.debug)

.line
 *(.line)

.debug_srcinfo
 *(.debug_srcinfo)

.debug_sfnames
 *(.debug_sfnames)

.debug_aranges
 *(.debug_aranges)

.debug_pubnames
 *(.debug_pubnames)

.debug_info
 *(.debug_info)
 *(.gnu.linkonce.wi.*)

.debug_abbrev
 *(.debug_abbrev)

.debug_line
 *(.debug_line)

.debug_frame
 *(.debug_frame)

.debug_str
 *(.debug_str)

.debug_loc
 *(.debug_loc)

.debug_macinfo
 *(.debug_macinfo)
OUTPUT(AVR_01.elf elf32-avr)
LOAD linker stubs
